C51 COMPILER V9.60.0.0   MADA7_IT                                                          08/13/2021 21:15:41 PAGE 1   


C51 COMPILER V9.60.0.0, COMPILATION OF MODULE MADA7_IT
OBJECT MODULE PLACED IN .\Objects\mada7_it.obj
COMPILER INVOKED BY: E:\KEILMDK\MDK5\C51\BIN\C51.EXE ..\User\mada7_it.c OPTIMIZE(8,SPEED) BROWSE INCDIR(..\Libraries\CMS
                    -IS\startup;..\Libraries\CMSIS;..\Libraries\FWlib\src;..\Libraries\FWlib\inc;..\Libraries\FWlib;..\User) DEBUG OBJECTEXTE
                    -ND PRINT(.\Listings\mada7_it.lst) TABS(2) OBJECT(.\Objects\mada7_it.obj)

line level    source

   1          #include "mada7_it.h"
   2          
   3          extern unsigned int millisecond;
   4          void in1 (void) interrupt 1
   5          {
   6   1        millisecond++;
   7   1      }
   8          
   9          
  10          void in4 (void) interrupt 4
  11          {
  12   1        if(RI)
  13   1        {
  14   2           printf("it success\n");
  15   2            RI=0; 
  16   2        }
  17   1        if(TI)
  18   1          TI=0; 
  19   1      }
  20          
  21          


MODULE INFORMATION:   STATIC OVERLAYABLE
   CODE SIZE        =     88    ----
   CONSTANT SIZE    =     12    ----
   XDATA SIZE       =   ----    ----
   PDATA SIZE       =   ----    ----
   DATA SIZE        =   ----    ----
   IDATA SIZE       =   ----    ----
   BIT SIZE         =   ----    ----
END OF MODULE INFORMATION.


C51 COMPILATION COMPLETE.  0 WARNING(S),  0 ERROR(S)
